// Jest Snapshot v1, https://goo.gl/fbAQLP

exports[`Expression Tests parsers a basic expression 1`] = `
Object {
  "endSpacing": Array [
    "
",
    " ",
    " ",
    " ",
    " ",
  ],
  "from": Object {
    "spacing": Array [
      " ",
    ],
    "syntax": "FROM",
    "type": "from",
    "value": Object {
      "alias": null,
      "schema": null,
      "spacing": Array [
        " ",
      ],
      "table": "wikipedia",
      "type": "table",
    },
  },
  "groupby": null,
  "having": null,
  "limit": null,
  "orderBy": null,
  "queryType": "SELECT",
  "selectParts": Array [
    Object {
      "alias": null,
      "distinct": null,
      "expr": Object {
        "type": "star",
      },
      "spacing": Array [
        " ",
      ],
      "type": "selectPart",
    },
  ],
  "spacing": Array [
    "
",
    " ",
    " ",
    " ",
    " ",
  ],
  "syntax": "SELECT",
  "type": "query",
  "unionAll": null,
  "where": null,
}
`;
